../Core/Src/main.c:81:1:__io_putchar	16	static
../Core/Src/main.c:90:6:UART_SendString	16	static
../Core/Src/main.c:95:6:UART_SendBuffer	144	static
../Core/Src/main.c:111:5:main	128	static
../Core/Src/main.c:205:6:SystemClock_Config	72	static
../Core/Src/main.c:245:13:MX_SPI1_Init	8	static
../Core/Src/main.c:283:13:MX_USART2_UART_Init	8	static
../Core/Src/main.c:314:13:MX_DMA_Init	16	static
../Core/Src/main.c:332:13:MX_GPIO_Init	48	static
../Core/Src/main.c:418:6:LED_R_Task	24	static
../Core/Src/main.c:450:6:LED_Y_Task	24	static
../Core/Src/main.c:482:6:LED_G_Task	24	static
../Core/Src/main.c:514:6:LCD_Task	32	static
../Core/Src/main.c:557:6:HAL_TIM_PeriodElapsedCallback	16	static
../Core/Src/main.c:574:6:Error_Handler	4	static,ignoring_inline_asm
